// Jest Snapshot v1, https://goo.gl/fbAQLP

exports[`InputDate should match the snapshot 1`] = `
.c2 {
  -webkit-align-items: center;
  -webkit-box-align: center;
  -ms-flex-align: center;
  align-items: center;
  display: -webkit-box;
  display: -webkit-flex;
  display: -ms-flexbox;
  display: flex;
  height: 16px;
  -webkit-box-pack: center;
  -webkit-justify-content: center;
  -ms-flex-pack: center;
  justify-content: center;
  width: 16px;
}

.c0 {
  margin: 0.8rem;
}

.c1 .MuiInputBase-root {
  font-size: 1.4rem;
  color: #464a53;
  padding: 0 1.6rem;
  padding-left: 1.6rem;
  padding-right: 1.6rem;
}

.c1 .MuiInputBase-root .MuiIconButton-root {
  position: absolute;
  right: 4px;
}

.c1 .MuiInputLabel-root {
  font-size: 1.4rem;
  -webkit-transform: translate( 1.6rem, 1.3rem ) scale(1);
  -ms-transform: translate( 1.6rem, 1.3rem ) scale(1);
  transform: translate( 1.6rem, 1.3rem ) scale(1);
}

.c1 .MuiInputLabel-outlined.MuiInputLabel-shrink {
  -webkit-transform: translate(14px,-6px) scale(0.75);
  -ms-transform: translate(14px,-6px) scale(0.75);
  transform: translate(14px,-6px) scale(0.75);
}

.c1 .MuiOutlinedInput-input {
  padding: 1.17rem 0;
}

.c1 label.Mui-focused {
  color: #408ae4;
}

.c1 .MuiOutlinedInput-root fieldset {
  opacity: 1;
}

.c1 .MuiOutlinedInput-root:hover fieldset {
  border-color: #0f0f0f;
}

.c1 .MuiOutlinedInput-root.Mui-focused fieldset {
  border-color: #408ae4;
}

.c1 .MuiOutlinedInput-root.Mui-error .MuiOutlinedInput-notchedOutline {
  border-color: #de4f4f;
}

.c1 .MuiFormLabel-root.Mui-error {
  color: #de4f4f;
}

.c1 .MuiFormHelperText-root.Mui-error {
  color: #de4f4f;
  font-size: 1rem;
  font-weight: 600;
  padding-left: 0.4rem;
}

<div>
  <div
    class="c0"
    style="width: 200px;"
  >
    <div
      class="MuiFormControl-root MuiTextField-root c1"
      data-testid="input"
      style="width: 200px;"
    >
      <div
        class="MuiInputBase-root MuiOutlinedInput-root MuiInputBase-formControl MuiInputBase-adornedEnd MuiOutlinedInput-adornedEnd"
      >
        <input
          aria-invalid="false"
          class="MuiInputBase-input MuiOutlinedInput-input MuiInputBase-inputAdornedEnd MuiOutlinedInput-inputAdornedEnd"
          id="date"
          name="date"
          type="text"
          value="01/01/2021"
        />
        <div
          class="MuiInputAdornment-root MuiInputAdornment-positionEnd"
        >
          <button
            aria-label="change date"
            class="MuiButtonBase-root MuiIconButton-root"
            tabindex="0"
            type="button"
          >
            <span
              class="MuiIconButton-label"
            >
              <div
                class="c2"
                height="16"
                preserveaspectratio="xMidYMid meet"
                width="16"
              >
                <div
                  data-src="/icons/input-calendar.svg"
                  src=""
                />
              </div>
            </span>
            <span
              class="MuiTouchRipple-root"
            />
          </button>
        </div>
        <fieldset
          aria-hidden="true"
          class="PrivateNotchedOutline-root-33 MuiOutlinedInput-notchedOutline"
          style="padding-left: 8px;"
        >
          <legend
            class="PrivateNotchedOutline-legend-34"
            style="width: 0.01px;"
          >
            <span>
              â€‹
            </span>
          </legend>
        </fieldset>
      </div>
      
    </div>
  </div>
</div>
`;
