// Jest Snapshot v1, https://goo.gl/fbAQLP

exports[`Footer should match the snapshot 1`] = `
.c0 {
  -webkit-align-items: center;
  -webkit-box-align: center;
  -ms-flex-align: center;
  align-items: center;
  background-color: #3684ab;
  height: 6vh;
  display: -webkit-box;
  display: -webkit-flex;
  display: -ms-flexbox;
  display: flex;
  -webkit-box-pack: end;
  -webkit-justify-content: flex-end;
  -ms-flex-pack: end;
  justify-content: flex-end;
  padding-right: 2rem;
  z-index: 101;
}

.c1 {
  color: #ffffff;
  font-size: 1.2rem;
  font-weight: 600;
  padding: 1.5rem;
}

<div>
  <div
    class="c0"
    data-testid="footer"
  >
    <p
      class="c1"
    >
      Â© 
      2021
       - Pietrangelo
    </p>
  </div>
</div>
`;
