// Jest Snapshot v1, https://goo.gl/fbAQLP

exports[`Input should match the snapshot 1`] = `
.c0 {
  margin: 0.8rem;
}

.c1 {
  display: -webkit-box;
  display: -webkit-flex;
  display: -ms-flexbox;
  display: flex;
  -webkit-align-items: center;
  -webkit-box-align: center;
  -ms-flex-align: center;
  align-items: center;
}

.c2 .MuiInputBase-root {
  font-size: 1.4rem;
  line-height: 2.4rem;
  color: #464a53;
  padding: 0 1.6rem;
  padding-left: 1.6rem;
  padding-right: 1.6rem;
}

.c2 .MuiInputBase-root .MuiIconButton-root {
  position: absolute;
  right: 4px;
}

.c2 .MuiInputLabel-root {
  font-size: 1.4rem;
  -webkit-transform: translate( 1.6rem, 1.3rem ) scale(1);
  -ms-transform: translate( 1.6rem, 1.3rem ) scale(1);
  transform: translate( 1.6rem, 1.3rem ) scale(1);
}

.c2 .MuiInputLabel-outlined.MuiInputLabel-shrink {
  -webkit-transform: translate(14px,-6px) scale(0.71428);
  -ms-transform: translate(14px,-6px) scale(0.71428);
  transform: translate(14px,-6px) scale(0.71428);
}

.c2 .MuiOutlinedInput-input {
  padding: 1.17rem 0;
}

.c2 .MuiOutlinedInput-input.MuiOutlinedInput-inputMultiline {
  padding: 1.17rem 0;
}

.c2 label.Mui-focused {
  color: #408ae4;
}

.c2 .MuiOutlinedInput-root fieldset {
  opacity: 1;
  -webkit-transition: border-color 400ms;
  transition: border-color 400ms;
  will-change: border-color;
}

.c2 .MuiOutlinedInput-root:hover fieldset {
  border-color: #0f0f0f;
}

.c2 .MuiOutlinedInput-root.Mui-focused fieldset {
  border-color: #408ae4;
}

.c2 .MuiOutlinedInput-root.Mui-error .MuiOutlinedInput-notchedOutline {
  border-color: #de4f4f;
}

.c2 .MuiFormLabel-root.Mui-error {
  color: #de4f4f;
}

.c2 .MuiFormHelperText-root.Mui-error {
  color: #de4f4f;
  font-size: 1rem;
  font-weight: 600;
  padding-left: 0.4rem;
}

<div>
  <div
    class="c0"
  >
    <div
      class="c1"
    >
      <div
        border="light"
        class="MuiFormControl-root MuiTextField-root c2"
        icon="[object Object]"
        padding="medium"
      >
        <div
          class="MuiInputBase-root MuiOutlinedInput-root MuiInputBase-formControl"
        >
          <input
            aria-invalid="false"
            class="MuiInputBase-input MuiOutlinedInput-input"
            type="text"
            value="Hello World!"
          />
          <fieldset
            aria-hidden="true"
            class="PrivateNotchedOutline-root-57 MuiOutlinedInput-notchedOutline"
            style="padding-left: 8px;"
          >
            <legend
              class="PrivateNotchedOutline-legend-58"
              style="width: 0.01px;"
            >
              <span>
                â€‹
              </span>
            </legend>
          </fieldset>
        </div>
      </div>
    </div>
  </div>
</div>
`;
